// Jest Snapshot v1, https://goo.gl/fbAQLP

exports[`<GifExpertApp /> should render <GifExpertApp /> component successfully 1`] = `
<Fragment>
  <h2>
    GifExpertApp
  </h2>
  <hr />
</Fragment>
`;
